baseline rep 5, tier infer: 1101 subjects, 3348 scans, 3 chains x 10000 iterations
logProb at inits: 5244.38 (finite: TRUE; 4 x_tilde inits lowered)
compiled (1.7 min)
  chain 1 start logProb 5244.38
  chain 1: 1000/10000  (4.3 min)
  chain 1: 2000/10000  (6.9 min)
  chain 1: 3000/10000  (9.6 min)
  chain 1: 4000/10000  (12.1 min)
  chain 1: 5000/10000  (14.6 min)
  chain 1: 6000/10000  (17.2 min)
  chain 1: 7000/10000  (19.7 min)
  chain 1: 8000/10000  (22.2 min)
  chain 1: 9000/10000  (24.7 min)
  chain 1: 10000/10000  (27.2 min)
  chain 2 start logProb 5043.76
  chain 2: 1000/10000  (29.9 min)
  chain 2: 2000/10000  (32.4 min)
  chain 2: 3000/10000  (34.9 min)
  chain 2: 4000/10000  (37.4 min)
  chain 2: 5000/10000  (50.1 min)
  chain 2: 6000/10000  (111.2 min)
  chain 2: 7000/10000  (113.8 min)
  chain 2: 8000/10000  (116.3 min)
  chain 2: 9000/10000  (118.9 min)
