baseline rep 2, tier infer: 1101 subjects, 3387 scans, 3 chains x 10000 iterations
logProb at inits: 5138.79 (finite: TRUE; 3 x_tilde inits lowered)
compiled (1.7 min)
  chain 1 start logProb 5138.79
  chain 1: 1000/10000  (4.3 min)
  chain 1: 2000/10000  (6.9 min)
  chain 1: 3000/10000  (9.5 min)
  chain 1: 4000/10000  (12.1 min)
  chain 1: 5000/10000  (14.6 min)
  chain 1: 6000/10000  (17.3 min)
  chain 1: 7000/10000  (19.9 min)
  chain 1: 8000/10000  (22.4 min)
  chain 1: 9000/10000  (24.9 min)
  chain 1: 10000/10000  (27.4 min)
  chain 2 start logProb 4941.11
  chain 2: 1000/10000  (30.0 min)
  chain 2: 2000/10000  (32.6 min)
  chain 2: 3000/10000  (35.1 min)
  chain 2: 4000/10000  (37.6 min)
  chain 2: 5000/10000  (52.1 min)
  chain 2: 6000/10000  (111.5 min)
  chain 2: 7000/10000  (114.1 min)
  chain 2: 8000/10000  (116.7 min)
  chain 2: 9000/10000  (119.5 min)
