baseline rep 4, tier infer: 1101 subjects, 3316 scans, 3 chains x 10000 iterations
logProb at inits: 4890.23 (finite: TRUE; 8 x_tilde inits lowered)
compiled (1.7 min)
  chain 1 start logProb 4890.23
  chain 1: 1000/10000  (4.3 min)
  chain 1: 2000/10000  (6.9 min)
  chain 1: 3000/10000  (9.4 min)
  chain 1: 4000/10000  (12.0 min)
  chain 1: 5000/10000  (14.4 min)
  chain 1: 6000/10000  (17.0 min)
  chain 1: 7000/10000  (19.5 min)
  chain 1: 8000/10000  (22.1 min)
  chain 1: 9000/10000  (24.5 min)
  chain 1: 10000/10000  (27.0 min)
  chain 2 start logProb 4700.46
  chain 2: 1000/10000  (29.6 min)
  chain 2: 2000/10000  (32.1 min)
  chain 2: 3000/10000  (34.6 min)
  chain 2: 4000/10000  (37.0 min)
  chain 2: 5000/10000  (48.4 min)
  chain 2: 6000/10000  (95.4 min)
  chain 2: 7000/10000  (113.4 min)
  chain 2: 8000/10000  (115.9 min)
  chain 2: 9000/10000  (118.5 min)
